┌──────────────────────────────┬──────────────────┬──────────┐
│ Library                      │ Vulnerability    │ Severity │
├──────────────────────────────┼──────────────────┼──────────┤
│ openssl@1.1.1                │ CVE-2024-12345   │ HIGH     │
└──────────────────────────────┴──────────────────┴──────────┘

Some other content here

┌──────────────────────────────┬──────────────────┬──────────┐
│ Library                      │ Vulnerability    │ Severity │
├──────────────────────────────┼──────────────────┼──────────┤
│ curl@7.64.1                  │ CVE-2024-11111   │ CRITICAL │
└──────────────────────────────┴──────────────────┴──────────┘
